[    0.000000] Initializing cgroup subsys cpuset
[    0.000000] Initializing cgroup subsys cpu
[    0.000000] Initializing cgroup subsys cpuacct
[    0.000000] Linux version 4.4.0-210-generic (buildd@lgw01-amd64-009) (gcc version 5.4.0 20160609 (Ubuntu 5.4.0-6ubuntu1~16.04.12) ) #242-Ubuntu SMP Fri Apr 16 09:57:56 UTC 2021 (Ubuntu 4.4.0-210.242-generic 4.4.262)
[    0.000000] Command line: BOOT_IMAGE=/boot/vmlinuz-4.4.0-210-generic root=LABEL=cloudimg-rootfs ro console=tty1 console=ttyS0
[    0.000000] KERNEL supported cpus:
[    0.000000]   Intel GenuineIntel
[    0.000000]   AMD AuthenticAMD
[    0.000000]   Centaur CentaurHauls
[    0.000000] x86/fpu: Legacy x87 FPU detected.
[    0.000000] e820: BIOS-provided physical RAM map:
[    0.000000] BIOS-e820: [mem 0x0000000000000000-0x000000000009fbff] usable
[    0.000000] BIOS-e820: [mem 0x000000000009fc00-0x000000000009ffff] reserved
[    0.000000] BIOS-e820: [mem 0x00000000000f0000-0x00000000000fffff] reserved
[    0.000000] BIOS-e820: [mem 0x0000000000100000-0x000000003ffeffff] usable
[    0.000000] BIOS-e820: [mem 0x000000003fff0000-0x000000003fffffff] ACPI data
[    0.000000] BIOS-e820: [mem 0x00000000fec00000-0x00000000fec00fff] reserved
[    0.000000] BIOS-e820: [mem 0x00000000fee00000-0x00000000fee00fff] reserved
[    0.000000] BIOS-e820: [mem 0x00000000fffc0000-0x00000000ffffffff] reserved
[    0.000000] NX (Execute Disable) protection: active
[    0.000000] SMBIOS 2.5 present.
[    0.000000] Hypervisor detected: KVM
[    0.000000] Kernel/User page tables isolation: disabled
[    0.000000] e820: last_pfn = 0x3fff0 max_arch_pfn = 0x400000000
[    0.000000] MTRR: Disabled
[    0.000000] x86/PAT: MTRRs disabled, skipping PAT initialization too.
[    0.000000] CPU MTRRs all blank - virtualized system.
[    0.000000] x86/PAT: Configuration [0-7]: WB  WT  UC- UC  WB  WT  UC- UC  
[    0.000000] found SMP MP-table at [mem 0x0009fff0-0x0009ffff] mapped at [ffff88000009fff0]
[    0.000000] Scanning 1 areas for low memory corruption
[    0.000000] RAMDISK: [mem 0x362dc000-0x37165fff]
[    0.000000] ACPI: Early table checksum verification disabled
[    0.000000] ACPI: RSDP 0x00000000000E0000 000024 (v02 VBOX  )
[    0.000000] ACPI: XSDT 0x000000003FFF0030 00003C (v01 VBOX   VBOXXSDT 00000001 ASL  00000061)
[    0.000000] ACPI: FACP 0x000000003FFF00F0 0000F4 (v04 VBOX   VBOXFACP 00000001 ASL  00000061)
[    0.000000] ACPI: DSDT 0x000000003FFF0470 002325 (v02 VBOX   VBOXBIOS 00000002 INTL 20100528)
[    0.000000] ACPI: FACS 0x000000003FFF0200 000040
[    0.000000] ACPI: FACS 0x000000003FFF0200 000040
[    0.000000] ACPI: APIC 0x000000003FFF0240 00005C (v02 VBOX   VBOXAPIC 00000001 ASL  00000061)
[    0.000000] ACPI: SSDT 0x000000003FFF02A0 0001CC (v01 VBOX   VBOXCPUT 00000002 INTL 20100528)
[    0.000000] No NUMA configuration found
[    0.000000] Faking a node at [mem 0x0000000000000000-0x000000003ffeffff]
[    0.000000] NODE_DATA(0) allocated [mem 0x3ffeb000-0x3ffeffff]
[    0.000000] kvm-clock: Using msrs 4b564d01 and 4b564d00
[    0.000000] kvm-clock: cpu 0, msr 0:3ffe3001, primary cpu clock
[    0.000000] kvm-clock: using sched offset of 3878035519 cycles
[    0.000000] clocksource: kvm-clock: mask: 0xffffffffffffffff max_cycles: 0x1cd42e4dffb, max_idle_ns: 881590591483 ns
[    0.000000] Zone ranges:
[    0.000000]   DMA      [mem 0x0000000000001000-0x0000000000ffffff]
[    0.000000]   DMA32    [mem 0x0000000001000000-0x000000003ffeffff]
[    0.000000]   Normal   empty
[    0.000000]   Device   empty
[    0.000000] Movable zone start for each node
[    0.000000] Early memory node ranges
[    0.000000]   node   0: [mem 0x0000000000001000-0x000000000009efff]
[    0.000000]   node   0: [mem 0x0000000000100000-0x000000003ffeffff]
[    0.000000] Initmem setup node 0 [mem 0x0000000000001000-0x000000003ffeffff]
[    0.000000] ACPI: PM-Timer IO Port: 0x4008
[    0.000000] IOAPIC[0]: apic_id 2, version 32, address 0xfec00000, GSI 0-23
[    0.000000] ACPI: INT_SRC_OVR (bus 0 bus_irq 0 global_irq 2 dfl dfl)
[    0.000000] ACPI: INT_SRC_OVR (bus 0 bus_irq 9 global_irq 9 low level)
[    0.000000] Using ACPI (MADT) for SMP configuration information
[    0.000000] smpboot: Allowing 2 CPUs, 0 hotplug CPUs
[    0.000000] PM: Registered nosave memory: [mem 0x00000000-0x00000fff]
[    0.000000] PM: Registered nosave memory: [mem 0x0009f000-0x0009ffff]
[    0.000000] PM: Registered nosave memory: [mem 0x000a0000-0x000effff]
[    0.000000] PM: Registered nosave memory: [mem 0x000f0000-0x000fffff]
[    0.000000] e820: [mem 0x40000000-0xfebfffff] available for PCI devices
[    0.000000] Booting paravirtualized kernel on KVM
[    0.000000] clocksource: refined-jiffies: mask: 0xffffffff max_cycles: 0xffffffff, max_idle_ns: 7645519600211568 ns
[    0.000000] setup_percpu: NR_CPUS:512 nr_cpumask_bits:512 nr_cpu_ids:2 nr_node_ids:1
[    0.000000] PERCPU: Embedded 33 pages/cpu @ffff88003fc00000 s95192 r8192 d31784 u1048576
[    0.000000] Built 1 zonelists in Node order, mobility grouping on.  Total pages: 257912
[    0.000000] Policy zone: DMA32
[    0.000000] Kernel command line: BOOT_IMAGE=/boot/vmlinuz-4.4.0-210-generic root=LABEL=cloudimg-rootfs ro console=tty1 console=ttyS0
[    0.000000] PID hash table entries: 4096 (order: 3, 32768 bytes)
[    0.000000] Memory: 997792K/1048120K available (8644K kernel code, 1332K rwdata, 4044K rodata, 1492K init, 1164K bss, 50328K reserved, 0K cma-reserved)
[    0.000000] SLUB: HWalign=64, Order=0-3, MinObjects=0, CPUs=2, Nodes=1
[    0.000000] Hierarchical RCU implementation.
[    0.000000] 	Build-time adjustment of leaf fanout to 64.
[    0.000000] 	RCU restricting CPUs from NR_CPUS=512 to nr_cpu_ids=2.
[    0.000000] RCU: Adjusting geometry for rcu_fanout_leaf=64, nr_cpu_ids=2
[    0.000000] NR_IRQS:33024 nr_irqs:440 16
[    0.000000] Console: colour VGA+ 80x25
[    0.000000] console [tty1] enabled
[    0.000000] console [ttyS0] enabled
[    0.000000] tsc: Detected 2803.200 MHz processor
[    0.562830] Calibrating delay loop (skipped) preset value.. 5606.40 BogoMIPS (lpj=11212800)
[    0.569468] pid_max: default: 32768 minimum: 301
[    0.572645] ACPI: Core revision 20150930
[    0.576373] ACPI: 2 ACPI AML tables successfully acquired and loaded
[    0.582288] Security Framework initialized
[    0.586798] Yama: becoming mindful.
[    0.591102] AppArmor: AppArmor initialized
[    0.595451] Dentry cache hash table entries: 131072 (order: 8, 1048576 bytes)
[    0.612319] Inode-cache hash table entries: 65536 (order: 7, 524288 bytes)
[    0.631108] Mount-cache hash table entries: 2048 (order: 2, 16384 bytes)
[    0.646649] Mountpoint-cache hash table entries: 2048 (order: 2, 16384 bytes)
[    0.664892] Initializing cgroup subsys io
[    0.675778] Initializing cgroup subsys memory
[    0.686816] Initializing cgroup subsys devices
[    0.697550] Initializing cgroup subsys freezer
[    0.709003] Initializing cgroup subsys net_cls
[    0.718811] Initializing cgroup subsys perf_event
[    0.726585] Initializing cgroup subsys net_prio
[    0.735823] Initializing cgroup subsys hugetlb
[    0.746034] Initializing cgroup subsys pids
[    0.756351] mce: CPU supports 0 MCE banks
[    0.768145] Last level iTLB entries: 4KB 0, 2MB 0, 4MB 0
[    0.777644] Last level dTLB entries: 4KB 0, 2MB 0, 4MB 0, 1GB 0
[    0.783144] Spectre V1 : Mitigation: usercopy/swapgs barriers and __user pointer sanitization
[    0.792040] Spectre V2 : Mitigation: Enhanced IBRS
[    0.797104] Spectre V2 : Spectre v2 / SpectreRSB mitigation: Filling RSB on context switch
[    0.805874] Speculative Store Bypass: Vulnerable
[    0.872665] Freeing SMP alternatives memory: 36K
[    0.968683] ftrace: allocating 32380 entries in 127 pages
[    1.567875] smpboot: APIC(0) Converting physical 0 to logical package 0
[    1.574649] smpboot: Max logical packages: 1
[    1.589554] ..TIMER: vector=0x30 apic1=0 pin1=2 apic2=-1 pin2=-1
[    1.703004] smpboot: CPU0: 11th Gen Intel(R) Core(TM) i7-1165G7 @ 2.80GHz (family: 0x6, model: 0x8c, stepping: 0x1)
[    1.716923] Performance Events: unsupported p6 CPU model 140 no PMU driver, software events only.
[    1.814393] KVM setup paravirtual spinlock
[    1.821743] x86: Booting SMP configuration:
[    1.829013] .... node  #0, CPUs:      #1
[    1.832982] kvm-clock: cpu 1, msr 0:3ffe3041, secondary cpu clock
[    1.840697] mce: CPU supports 0 MCE banks
[    1.844484] x86: Booted up 1 node, 2 CPUs
[    1.850726] smpboot: Total of 2 processors activated (11212.80 BogoMIPS)
[    1.858887] devtmpfs: initialized
[    1.865265] evm: security.selinux
[    1.870858] evm: security.SMACK64
[    1.876182] evm: security.SMACK64EXEC
[    1.880984] evm: security.SMACK64TRANSMUTE
[    1.885400] evm: security.SMACK64MMAP
[    1.889173] evm: security.ima
[    1.892195] evm: security.capability
[    1.896045] clocksource: jiffies: mask: 0xffffffff max_cycles: 0xffffffff, max_idle_ns: 7645041785100000 ns
[    1.903703] futex hash table entries: 512 (order: 3, 32768 bytes)
[    1.908882] pinctrl core: initialized pinctrl subsystem
[    1.913479] RTC time:  0:43:20, date: 03/10/22
[    1.917694] NET: Registered protocol family 16
[    1.929424] cpuidle: using governor ladder
[    1.943607] cpuidle: using governor menu
[    1.953050] PCCT header not found.
[    1.958188] ACPI: bus type PCI registered
[    1.964585] acpiphp: ACPI Hot Plug PCI Controller Driver version: 0.5
[    1.975950] PCI: Using configuration type 1 for base access
[    1.993711] ACPI: Added _OSI(Module Device)
[    2.001423] ACPI: Added _OSI(Processor Device)
[    2.010309] ACPI: Added _OSI(3.0 _SCP Extensions)
[    2.019720] ACPI: Added _OSI(Processor Aggregator Device)
[    2.030934] ACPI: Executed 1 blocks of module-level executable AML code
[    2.048337] ACPI: Interpreter enabled
[    2.053322] ACPI: (supports S0 S5)
[    2.059220] ACPI: Using IOAPIC for interrupt routing
[    2.069437] PCI: Using host bridge windows from ACPI; if necessary, use "pci=nocrs" and report a bug
[    2.090233] ACPI: PCI Root Bridge [PCI0] (domain 0000 [bus 00-ff])
[    2.100198] acpi PNP0A03:00: _OSC: OS supports [ASPM ClockPM Segments MSI]
[    2.108623] acpi PNP0A03:00: _OSC: not requesting OS control; OS requires [ExtendedConfig ASPM ClockPM MSI]
[    2.117460] acpi PNP0A03:00: fail to add MMCONFIG information, can't access extended PCI configuration space under this bridge.
[    2.127705] PCI host bridge to bus 0000:00
[    2.130688] pci_bus 0000:00: root bus resource [io  0x0000-0x0cf7 window]
[    2.135738] pci_bus 0000:00: root bus resource [io  0x0d00-0xffff window]
[    2.146203] pci_bus 0000:00: root bus resource [mem 0x000a0000-0x000bffff window]
[    2.154976] pci_bus 0000:00: root bus resource [mem 0x40000000-0xfdffffff window]
[    2.168078] pci_bus 0000:00: root bus resource [bus 00-ff]
[    2.188911] pci 0000:00:01.1: legacy IDE quirk: reg 0x10: [io  0x01f0-0x01f7]
[    2.199830] pci 0000:00:01.1: legacy IDE quirk: reg 0x14: [io  0x03f6]
[    2.210196] pci 0000:00:01.1: legacy IDE quirk: reg 0x18: [io  0x0170-0x0177]
[    2.218806] pci 0000:00:01.1: legacy IDE quirk: reg 0x1c: [io  0x0376]
[    2.258001] pci 0000:00:07.0: quirk: [io  0x4000-0x403f] claimed by PIIX4 ACPI
[    2.265874] pci 0000:00:07.0: quirk: [io  0x4100-0x410f] claimed by PIIX4 SMB
[    2.283589] ACPI: PCI Interrupt Link [LNKA] (IRQs 5 9 10 *11)
[    2.292122] ACPI: PCI Interrupt Link [LNKB] (IRQs 5 9 *10 11)
[    2.304821] ACPI: PCI Interrupt Link [LNKC] (IRQs 5 *9 10 11)
[    2.313960] ACPI: PCI Interrupt Link [LNKD] (IRQs 5 9 10 *11)
[    2.321315] ACPI: Enabled 2 GPEs in block 00 to 07
[    2.325420] vgaarb: setting as boot device: PCI:0000:00:02.0
[    2.358300] vgaarb: device added: PCI:0000:00:02.0,decodes=io+mem,owns=io+mem,locks=none
[    2.369232] vgaarb: loaded
[    2.372807] vgaarb: bridge control possible 0000:00:02.0
[    2.380348] SCSI subsystem initialized
[    2.386000] ACPI: bus type USB registered
[    2.392946] usbcore: registered new interface driver usbfs
[    2.400303] usbcore: registered new interface driver hub
[    2.407814] usbcore: registered new device driver usb
[    2.419465] PCI: Using ACPI for IRQ routing
[    2.429594] NetLabel: Initializing
[    2.436315] NetLabel:  domain hash size = 128
[    2.444241] NetLabel:  protocols = UNLABELED CIPSOv4
[    2.451516] NetLabel:  unlabeled traffic allowed by default
[    2.456930] amd_nb: Cannot enumerate AMD northbridges
[    2.460712] clocksource: Switched to clocksource kvm-clock
[    2.485166] AppArmor: AppArmor Filesystem Enabled
[    2.489413] pnp: PnP ACPI init
[    2.493853] pnp: PnP ACPI: found 3 devices
[    2.537142] clocksource: acpi_pm: mask: 0xffffff max_cycles: 0xffffff, max_idle_ns: 2085701024 ns
[    2.546216] NET: Registered protocol family 2
[    2.550513] TCP established hash table entries: 8192 (order: 4, 65536 bytes)
[    2.559337] TCP bind hash table entries: 8192 (order: 5, 131072 bytes)
[    2.566203] TCP: Hash tables configured (established 8192 bind 8192)
[    2.573127] UDP hash table entries: 512 (order: 2, 16384 bytes)
[    2.578191] UDP-Lite hash table entries: 512 (order: 2, 16384 bytes)
[    2.583065] NET: Registered protocol family 1
[    2.586487] pci 0000:00:00.0: Limiting direct PCI/PCI transfers
[    2.590751] pci 0000:00:01.0: Activating ISA DMA hang workarounds
[    2.596378] Unpacking initramfs...
[    2.921541] Freeing initrd memory: 14888K
[    2.925841] clocksource: tsc: mask: 0xffffffffffffffff max_cycles: 0x28680fa287f, max_idle_ns: 440795281151 ns
[    2.934138] platform rtc_cmos: registered platform RTC device (no PNP device found)
[    2.940943] Scanning for low memory corruption every 60 seconds
[    2.947742] audit: initializing netlink subsys (disabled)
[    2.953613] audit: type=2000 audit(1646873005.038:1): initialized
[    2.958605] Initialise system trusted keyring
[    2.963003] HugeTLB registered 2 MB page size, pre-allocated 0 pages
[    2.970052] zbud: loaded
[    2.973017] VFS: Disk quotas dquot_6.6.0
[    2.976840] VFS: Dquot-cache hash table entries: 512 (order 0, 4096 bytes)
[    2.982493] squashfs: version 4.0 (2009/01/31) Phillip Lougher
[    2.987939] fuse init (API version 7.23)
[    2.991751] Key type big_key registered
[    2.994939] Allocating IMA MOK and blacklist keyrings.
[    3.008040] Key type asymmetric registered
[    3.012510] Asymmetric key parser 'x509' registered
[    3.017439] Block layer SCSI generic (bsg) driver version 0.4 loaded (major 249)
[    3.023698] io scheduler noop registered
[    3.026810] io scheduler deadline registered (default)
[    3.030808] io scheduler cfq registered
[    3.033966] pci_hotplug: PCI Hot Plug PCI Core version: 0.5
[    3.038297] pciehp: PCI Express Hot Plug Controller Driver version: 0.4
[    3.043591] ACPI: AC Adapter [AC] (on-line)
[    3.047012] input: Power Button as /devices/LNXSYSTM:00/LNXPWRBN:00/input/input0
[    3.052711] ACPI: Power Button [PWRF]
[    3.056090] input: Sleep Button as /devices/LNXSYSTM:00/LNXSLPBN:00/input/input1
[    3.061867] ACPI: Sleep Button [SLPF]
[    3.065621] GHES: HEST is not enabled!
[    3.066638] ACPI: Battery Slot [BAT0] (battery present)
[    3.073786] Serial: 8250/16550 driver, 32 ports, IRQ sharing enabled
[    3.103248] 00:02: ttyS0 at I/O 0x3f8 (irq = 4, base_baud = 115200) is a 16550A
[    3.135873] Linux agpgart interface v0.103
[    3.151159] loop: module loaded
[    3.156193] scsi host0: ata_piix
[    3.161354] scsi host1: ata_piix
[    3.164340] ata1: PATA max UDMA/33 cmd 0x1f0 ctl 0x3f6 bmdma 0xd000 irq 14
[    3.169867] ata2: PATA max UDMA/33 cmd 0x170 ctl 0x376 bmdma 0xd008 irq 15
[    3.177736] libphy: Fixed MDIO Bus: probed
[    3.180795] tun: Universal TUN/TAP device driver, 1.6
[    3.184707] tun: (C) 1999-2004 Max Krasnyansky <maxk@qualcomm.com>
[    3.191698] PPP generic driver version 2.4.2
[    3.197631] ehci_hcd: USB 2.0 'Enhanced' Host Controller (EHCI) Driver
[    3.205977] ehci-pci: EHCI PCI platform driver
[    3.210886] ehci-platform: EHCI generic platform driver
[    3.219701] ohci_hcd: USB 1.1 'Open' Host Controller (OHCI) Driver
[    3.227417] ohci-pci: OHCI PCI platform driver
[    3.232291] ohci-platform: OHCI generic platform driver
[    3.237140] uhci_hcd: USB Universal Host Controller Interface driver
[    3.242510] i8042: PNP: PS/2 Controller [PNP0303:PS2K,PNP0f03:PS2M] at 0x60,0x64 irq 1,12
[    3.251738] serio: i8042 KBD port at 0x60,0x64 irq 1
[    3.255190] serio: i8042 AUX port at 0x60,0x64 irq 12
[    3.259770] mousedev: PS/2 mouse device common for all mice
[    3.266258] rtc_cmos rtc_cmos: rtc core: registered rtc_cmos as rtc0
[    3.270964] rtc_cmos rtc_cmos: alarms up to one day, 114 bytes nvram
[    3.275315] i2c /dev entries driver
[    3.278017] device-mapper: uevent: version 1.0.3
[    3.281890] device-mapper: ioctl: 4.34.0-ioctl (2015-10-28) initialised: dm-devel@redhat.com
[    3.287732] ledtrig-cpu: registered to indicate activity on CPUs
[    3.292590] input: AT Translated Set 2 keyboard as /devices/platform/i8042/serio0/input/input2
[    3.299420] NET: Registered protocol family 10
[    3.304471] NET: Registered protocol family 17
[    3.307667] Key type dns_resolver registered
[    3.312595] registered taskstats version 1
[    3.315879] Loading compiled-in X.509 certificates
[    3.320197] Loaded X.509 cert 'Build time autogenerated kernel key: cf00e047681d67edb2720680708b7d9498083038'
[    3.328002] zswap: loaded using pool lzo/zbud
[    3.336125] Key type trusted registered
[    3.403656] Key type encrypted registered
[    3.410084] AppArmor: AppArmor sha1 policy hashing enabled
[    3.416336] ima: No TPM chip found, activating TPM-bypass!
[    3.420524] ima: Allocated hash algorithm: sha1
[    3.423476] evm: HMAC attrs: 0x1
[    3.427667]   Magic number: 14:412:708
[    3.431285] rtc_cmos rtc_cmos: setting system clock to 2022-03-10 00:43:22 UTC (1646873002)
[    3.438870] BIOS EDD facility v0.16 2004-Jun-25, 0 devices found
[    3.444166] EDD information not available.
[    3.451122] Freeing unused kernel memory: 1492K
[    3.465808] Write protecting the kernel read-only data: 14336k
[    3.473753] Freeing unused kernel memory: 1584K
[    3.479798] Freeing unused kernel memory: 52K
Loading, please wait...
starting version[    3.516572] random: systemd-udevd: uninitialized urandom read (16 bytes read, 5 bits of entropy available)
 229
[    3.524001] random: udevadm: uninitialized urandom read (16 bytes read, 5 bits of entropy available)
[    3.524054] random: udevadm: uninitialized urandom read (16 bytes read, 5 bits of entropy available)
[    3.534703] random: udevadm: uninitialized urandom read (16 bytes read, 5 bits of entropy available)
[    3.534735] random: udevadm: uninitialized urandom read (16 bytes read, 5 bits of entropy available)
[    3.534886] random: udevadm: uninitialized urandom read (16 bytes read, 5 bits of entropy available)
[    3.534923] random: udevadm: uninitialized urandom read (16 bytes read, 5 bits of entropy available)
[    3.534993] random: udevadm: uninitialized urandom read (16 bytes read, 5 bits of entropy available)
[    3.535048] random: udevadm: uninitialized urandom read (16 bytes read, 5 bits of entropy available)
[    3.535086] random: udevadm: uninitialized urandom read (16 bytes read, 5 bits of entropy available)
[    4.169543] e1000: Intel(R) PRO/1000 Network Driver - version 7.3.21-k8-NAPI
[    4.181625] e1000: Copyright (c) 1999-2006 Intel Corporation.
[    4.220022] Fusion MPT base driver 3.04.20
[    4.227094] Copyright (c) 1999-2008 LSI Corporation
[    5.191712] Fusion MPT SPI Host driver 3.04.20
[    5.738095] input: ImExPS/2 Generic Explorer Mouse as /devices/platform/i8042/serio1/input/input4
[    5.754038] e1000 0000:00:03.0 eth0: (PCI:33MHz:32-bit) 02:be:82:6b:cc:1d
[    5.759667] e1000 0000:00:03.0 eth0: Intel(R) PRO/1000 Network Connection
[    6.332908] e1000 0000:00:08.0 eth1: (PCI:33MHz:32-bit) 08:00:27:31:1a:3e
[    6.339650] e1000 0000:00:08.0 eth1: Intel(R) PRO/1000 Network Connection
[    6.346717] e1000 0000:00:03.0 enp0s3: renamed from eth0
[    6.354170] mptbase: ioc0: Initiating bringup
[    6.369411] e1000 0000:00:08.0 enp0s8: renamed from eth1
[    6.422702] ioc0: LSI53C1030 A0: Capabilities={Initiator}
[    6.605920] scsi host2: ioc0: LSI53C1030 A0, FwRev=00000000h, Ports=1, MaxQ=256, IRQ=20
[    6.726927] scsi 2:0:0:0: Direct-Access     VBOX     HARDDISK         1.0  PQ: 0 ANSI: 5
[    6.741128] scsi target2:0:0: Beginning Domain Validation
[    6.759830] scsi target2:0:0: Domain Validation skipping write tests
[    6.765614] scsi target2:0:0: Ending Domain Validation
[    6.770063] scsi target2:0:0: asynchronous
[    6.775983] scsi 2:0:1:0: Direct-Access     VBOX     HARDDISK         1.0  PQ: 0 ANSI: 5
[    6.782172] scsi target2:0:1: Beginning Domain Validation
[    6.792040] scsi target2:0:1: Domain Validation skipping write tests
[    6.796894] scsi target2:0:1: Ending Domain Validation
[    6.801483] scsi target2:0:1: asynchronous
[    6.828972] sd 2:0:0:0: Attached scsi generic sg0 type 0
[    6.829677] sd 2:0:0:0: [sda] 83886080 512-byte logical blocks: (42.9 GB/40.0 GiB)
[    6.830385] sd 2:0:0:0: [sda] Write Protect is off
[    6.830893] sd 2:0:0:0: [sda] Incomplete mode parameter data
[    6.830895] sd 2:0:0:0: [sda] Assuming drive cache: write through
[    6.834597]  sda: sda1
[    6.835756] sd 2:0:0:0: [sda] Attached SCSI disk
[    6.873436] sd 2:0:1:0: Attached scsi generic sg1 type 0
[    6.874031] sd 2:0:1:0: [sdb] 20480 512-byte logical blocks: (10.5 MB/10.0 MiB)
[    6.874737] sd 2:0:1:0: [sdb] Write Protect is off
[    6.875175] sd 2:0:1:0: [sdb] Incomplete mode parameter data
[    6.875176] sd 2:0:1:0: [sdb] Assuming drive cache: write through
[    6.882997] sd 2:0:1:0: [sdb] Attached SCSI disk
Begin: Loading essential drivers ... [    8.598579] md: linear personality registered for level -1
[    8.610181] md: multipath personality registered for level -4
[    8.619888] md: raid0 personality registered for level 0
[    8.642354] md: raid1 personality registered for level 1
[    8.728782] raid6: sse2x1   gen()  8553 MB/s
[    8.800821] raid6: sse2x1   xor()  8181 MB/s
[    8.869004] raid6: sse2x2   gen() 14569 MB/s
[    8.941281] raid6: sse2x2   xor()  8843 MB/s
[    9.009431] raid6: sse2x4   gen() 14367 MB/s
[    9.080790] raid6: sse2x4   xor()  7693 MB/s
[    9.085044] raid6: using algorithm sse2x2 gen() 14569 MB/s
[    9.089075] raid6: .... xor() 8843 MB/s, rmw enabled
[    9.093211] raid6: using ssse3x2 recovery algorithm
[    9.101170] xor: measuring software checksum speed
[    9.141328]    prefetch64-sse: 21619.000 MB/sec
[    9.181309]    generic_sse: 20680.000 MB/sec
[    9.186083] xor: using function: prefetch64-sse (21619.000 MB/sec)
[    9.195949] async_tx: api initialized (async)
[    9.268486] md: raid6 personality registered for level 6
[    9.273265] md: raid5 personality registered for level 5
[    9.281435] md: raid4 personality registered for level 4
[    9.330399] md: raid10 personality registered for level 10
done.
Begin: Running /scripts/init-premount ... done.
Begin: Mounting root file system ... Begin: Running /scripts/local-top ... done.
Begin: Running /scripts/local-premount ... [    9.455443] Btrfs loaded
Scanning for Btrfs filesystems
done.
Warning: fsck not present, so skipping root file system
[    9.517328] EXT4-fs (sda1): mounted filesystem with ordered data mode. Opts: (null)
done.
Begin: Running /scripts/local-bottom ... done.
Begin: Running /scripts/init-bottom ... done.
[    9.706922] systemd[1]: systemd 229 running in system mode. (+PAM +AUDIT +SELINUX +IMA +APPARMOR +SMACK +SYSVINIT +UTMP +LIBCRYPTSETUP +GCRYPT +GNUTLS +ACL +XZ -LZ4 +SECCOMP +BLKID +ELFUTILS +KMOD -IDN)
[    9.730836] systemd[1]: Detected virtualization oracle.
[    9.738798] systemd[1]: Detected architecture x86-64.

Welcome to [1mUbuntu 16.04.7 LTS[0m!

[    9.753229] systemd[1]: Set hostname to <ubuntu>.
[    9.761757] systemd[1]: Initializing machine ID from random generator.
[    9.766995] systemd[1]: Installed transient /etc/machine-id file.
[    9.947485] systemd[1]: Listening on Journal Audit Socket.
[[0;32m  OK  [0m] Listening on Journal Audit Socket.
[    9.953719] systemd[1]: Listening on Journal Socket.
[[0;32m  OK  [0m] Listening on Journal Socket.
[    9.959497] systemd[1]: Listening on udev Kernel Socket.
[[0;32m  OK  [0m] Listening on udev Kernel Socket.
[    9.967150] systemd[1]: Reached target User and Group Name Lookups.
[[0;32m  OK  [0m] Reached target User and Group Name Lookups.
[    9.975869] systemd[1]: Listening on Journal Socket (/dev/log).
[[0;32m  OK  [0m] Listening on Journal Socket (/dev/log).
[    9.982265] systemd[1]: Reached target Swap.
[[0;32m  OK  [0m] Reached target Swap.
[    9.989751] systemd[1]: Reached target System Time Synchronized.
[[0;32m  OK  [0m] Reached target System Time Synchronized.
[    9.999734] systemd[1]: Started Trigger resolvconf update for networkd DNS.
[[0;32m  OK  [0m] Started Trigger resolvconf update for networkd DNS.
[   10.015814] systemd[1]: Started Forward Password Requests to Wall Directory Watch.
[[0;32m  OK  [0m] Started Forward Password Requests to Wall Directory Watch.
[   10.028799] systemd[1]: Reached target Encrypted Volumes.
[[0;32m  OK  [0m] Reached target Encrypted Volumes.
[   10.036973] systemd[1]: Listening on LVM2 metadata daemon socket.
[[0;32m  OK  [0m] Listening on LVM2 metadata daemon socket.
[   10.046257] systemd[1]: Listening on fsck to fsckd communication Socket.
[[0;32m  OK  [0m] Listening on fsck to fsckd communication Socket.
[   10.054439] systemd[1]: Set up automount Arbitrary Executable File Formats File System Automount Point.
[[0;32m  OK  [0m] Set up automount Arbitrary Executab...ats File System Automount Point.
[   10.064044] systemd[1]: Listening on LVM2 poll daemon socket.
[[0;32m  OK  [0m] Listening on LVM2 poll daemon socket.
[   10.070829] systemd[1]: Listening on udev Control Socket.
[[0;32m  OK  [0m] Listening on udev Control Socket.
[   10.077886] systemd[1]: Listening on Syslog Socket.
[[0;32m  OK  [0m] Listening on Syslog Socket.
[   10.092455] systemd[1]: Created slice User and Session Slice.
[[0;32m  OK  [0m] Created slice User and Session Slice.
[   10.107811] systemd[1]: Listening on /dev/initctl Compatibility Named Pipe.
[[0;32m  OK  [0m] Listening on /dev/initctl Compatibility Named Pipe.
[   10.123922] systemd[1]: Listening on Device-mapper event daemon FIFOs.
[[0;32m  OK  [0m] Listening on Device-mapper event daemon FIFOs.
[   10.139058] systemd[1]: Created slice System Slice.
[[0;32m  OK  [0m] Created slice System Slice.
[   10.164941] systemd[1]: Starting File System Check on Root Device...
         Startin[   10.173652] systemd[1]: Created slice system-serial\x2dgetty.slice.
g File System Check on Root Device...
[   10.178766] systemd[1]: Starting Nameserver information manager...
[[0;32m  OK  [0m] Created slice system-serial\x2dgetty.slice.
         Starting Nameserver information manager...
[   10.190716] systemd[1]: Starting Uncomplicated firewall...
         Starting Uncomplicated firewall...
[   10.200570] systemd[1]: Starting Create list of required static device nodes for the current kernel...
         Starting Create list of required st... nodes for the current kernel...
[   10.219786] systemd[1]: Starting Load Kernel Modules...
         Starting Load Kernel Modules...
[   10.227080] systemd[1]: Mounting POSIX Message Queue File System...
         Mounting POSIX Message Queue File System...
[   10.234326] systemd[1]: Mounting Debug File System...
         Mounting Debug File System...
[   10.240298] Loading iSCSI transport class v2.0-870.
[   10.242945] systemd[1]: Starting Set console keymap...
         Starting Set console keymap...
[   10.255550] systemd[1]: Starting Journal Service...
         Starting Journal Service...
[   10.270588] systemd[1]: Mounting Huge Pages File System...
         Mounting Huge Pages File System...
[   10.289263] iscsi: registered transport (tcp)
[   10.293056] systemd[1]: Reached target Slices.
[[0;32m  OK  [0m] Reached target Slices.
[   10.305112] systemd[1]: Starting Monitoring of LVM2 mirrors, snapshots etc. using dmeventd or progress polling...
         Starting Monitoring of LVM2 mirrors... dmeventd or progress polling...
[   10.321080] systemd[1]: Mounted Huge Pages File System.
[[0;32m  OK  [0m] Mounted Huge Pages File System.
[   10.330535] systemd[1]: Mounted POSIX Message Queue File System.
[[0;32m  OK  [0m] Mounted POSIX Message Queue File System.
[   10.343301] systemd[1]: Mounted Debug File System.
[[0;32m  OK  [0m] Mounted Debug File System.
[   10.385566] systemd[1]: Started Journal Service.
[[0;32m  OK  [0m] Started Journal Service.
[[0;32m  OK  [0m] Started File System Check on Root Device.
[[0;32m  OK  [0m] Started Uncomplicated firewall.
[[0;32m  OK  [0m] Started Create list of required sta...ce nodes for the current kernel.
[[0;32m  OK  [0m] Started Set console keymap.
[[0;32m  OK  [0m] Started Nameserver information manager.
[[0;32m  OK  [0m] Started LVM2 metadata daemon.
[[0;32m  OK  [0m] Started File System Check Daemon to report status.
[   10.481520] iscsi: registered transport (iser)
         Starting Create Static Device Nodes in /dev...
         Starting Remount Root and Kernel File Systems...
[[0;32m  OK  [0m] Started Load Kernel Modules.
[   10.497707] EXT4-fs (sda1): re-mounted. Opts: (null)
         Starting Apply Kernel Variables...
         Mounting FUSE Control File System...
[[0;32m  OK  [0m] Mounted FUSE Control File System.
[[0;32m  OK  [0m] Started Remount Root and Kernel File Systems.
         Starting Flush Journal to Persistent Storage...
         Starting Load/Save Random Seed...
         Starting udev Coldplug all Devices...
[[0;32m  OK  [0m] Started Create Static Device Nodes in /dev.
[[0;32m  OK  [0m] Started Apply Kernel Variables.
[[0;32m  OK  [0m] Started Load/Save Random Seed.
         Starting udev Kernel Device Manager...
[[0;32m  OK  [0m] Started Flush Journal to Persistent Storage.
[[0;32m  OK  [0m] Started udev Coldplug all Devices.
[[0;32m  OK  [0m] Started udev Kernel Device Manager.
[[0;32m  OK  [0m] Started Dispatch Password Requests to Console Directory Watch.
[[0;32m  OK  [0m] Found device /dev/ttyS0.
[[0;32m  OK  [0m] Listening on Load/Save RF Kill Switch Status /dev/rfkill Watch.
[[0;32m  OK  [0m] Started Monitoring of LVM2 mirrors,...ng dmeventd or progress polling.
[[0;32m  OK  [0m] Reached target Local File Systems (Pre).
[[0;32m  OK  [0m] Reached target Local File Systems.
         Starting Set console font and keymap...
         Starting Commit a transient machine-id on disk...
         Starting Tell Plymouth To Write Out Runtime Data...
         Starting Create Volatile Files and Directories...
         Starting LSB: AppArmor initialization...
         Starting Initial cloud-init job (pre-networking)...
[[0;32m  OK  [0m] Started Commit a transient machine-id on disk.
[[0;32m  OK  [0m] Started Tell Plymouth To Write Out Runtime Data.
[[0;32m  OK  [0m] Started Create Volatile Files and Directories.
         Starting Update UTMP about System Boot/Shutdown...
[[0;32m  OK  [0m] Started Update UTMP about System Boot/Shutdown.
[[0;32m  OK  [0m] Started Set console font and keymap.
[[0;32m  OK  [0m] Created slice system-getty.slice.
[[0;32m  OK  [0m] Started LSB: AppArmor initialization.
         Starting Load AppArmor profiles managed internally by snapd...
[[0;32m  OK  [0m] Started Load AppArmor profiles managed internally by snapd.
[   13.646125] cloud-init[637]: Cloud-init v. 21.1-19-gbad84ad4-0ubuntu1~16.04.2 running 'init-local' at Thu, 10 Mar 2022 00:43:34 +0000. Up 13.10 seconds.
[[0;32m  OK  [0m] Started Initial cloud-init job (pre-networking).
[[0;32m  OK  [0m] Reached target Network (Pre).
         Starting Raise network interfaces...
[[0;32m  OK  [0m] Started Raise network interfaces.
[[0;32m  OK  [0m] Reached target Network.
         Starting Initial cloud-init job (metadata service crawler)...
[   15.653872] cloud-init[941]: Cloud-init v. 21.1-19-gbad84ad4-0ubuntu1~16.04.2 running 'init' at Thu, 10 Mar 2022 00:43:35 +0000. Up 14.78 seconds.
[   15.716175] cloud-init[941]: ci-info: ++++++++++++++++++++++++++++++++++++++Net device info+++++++++++++++++++++++++++++++++++++++
[   15.717742] cloud-init[941]: ci-info: +--------+-------+----------------------------+---------------+--------+-------------------+
[   15.718422] cloud-init[941]: ci-info: | Device |   Up  |          Address           |      Mask     | Scope  |     Hw-Address    |
[[0;32m  OK  [0m] Started Initial cloud-init job (metadata service crawler).
[   15.718919] cloud-init[941]: ci-info: +--------+-------+----------------------------+---------------+--------+-------------------+
[   15.739066] cloud-init[941]: ci-info: | enp0s3 |  True |         10.0.2.15          | 255.255.255.0 | global | 02:be:82:6b:cc:1d |
[   15.739304] cloud-init[941]: ci-info: | enp0s3 |  True | fe80::be:82ff:fe6b:cc1d/64 |       .       |  link  | 02:be:82:6b:cc:1d |
[   15.739549] cloud-init[941]: ci-info: | enp0s8 | False |             .              |       .       |   .    | 08:00:27:31:1a:3e |
[   15.739825] cloud-init[941]: ci-info: |   lo   |  True |         127.0.0.1          |   255.0.0.0   |  host  |         .         |
[   15.740113] cloud-init[941]: ci-info: |   lo   |  True |          ::1/128           |       .       |  host  |         .         |
[   15.740376] cloud-init[941]: ci-info: +--------+-------+----------------------------+---------------+--------+-------------------+
[   15.740710] cloud-init[941]: ci-info: +++++++++++++++++++++++++++Route IPv4 info++++++++++++++++++++++++++++
[   15.741093] cloud-init[941]: ci-info: +-------+-------------+----------+---------------+-----------+-------+
[[0;32m  OK  [0m] Reached target Network is Online.
[   15.741610] cloud-init[941]: ci-info: | Route | Destination | Gateway  |    Genmask    | Interface | Flags |
[   15.780014] cloud-init[941]: ci-info: +-------+-------------+----------+---------------+-----------+-------+
[   15.786932] cloud-init[941]: ci-info: |   0   |   0.0.0.0   | 10.0.2.2 |    0.0.0.0    |   enp0s3  |   UG  |
[   15.793693] cloud-init[941]: ci-info: |   1   |   10.0.2.0  | 0.0.0.0  | 255.255.255.0 |   enp0s3  |   U   |
[   15.799278] cloud-init[941]: ci-info: +-------+-------------+----------+---------------+-----------+-------+
[   15.800980] cloud-init[941]: ci-info: +++++++++++++++++++Route IPv6 info+++++++++++++++++++
[   15.801522] cloud-init[941]: ci-info: +-------+-------------+---------+-----------+-------+
         Starting iSCSI initiator daemon (iscsid)...
[[0;32m  OK  [0m] Reached target System Initialization.
         Starting Socket activation for snappy daemon.
[[0;32m  OK  [0m] Started ACPI Events Check.
[[0;32m  OK  [0m] Reached target Paths.
[[0;32m  OK  [0m] Started Daily apt download activities.
[[0;32m  OK  [0m] Listening on UUID daemon activation socket.
[[0;32m  OK  [0m] Started Daily Cleanup of Temporary Directories.
[   15.801839] cloud-init[941]: ci-info: | Route | Destination | Gateway | Interface | Flags |
[   15.839498]          cloud-initStarting LXD - unix socket.[941]: 
ci-info: +-------+-------------+---------+-----------+-------+
[[0;32m  OK  [0m] Listening on D-Bus System Message Bus Socket.
[[0;32m  OK  [0m] Started Daily apt upgrade and clean activities.
[[0;32m  OK  [0m] Started Ubuntu Advantage update messaging.
[[0;32m  OK  [0m] Listening on ACPID Listen Socket.
[   15.845919] cloud-init[941]: ci-info: |   0   |  fe80::/64  |    ::   |   enp0s3  |   U   |
[   15.857485] cloud-init[941]: ci-info: |   3   |   ff00::/8  |    ::   |   enp0s3  |   U   |
[   15.858392] cloud-init[941]: ci-info: +-------+-------------+---------+-----------+-------+
[   15.858759] cloud-init[941]: Generating public/private rsa key pair.
[   15.859058] cloud-init[941]: Your identification has been saved in /etc/ssh/ssh_host_rsa_key.
[   15.859728] cloud-init[941]: Your public key has been saved in /etc/ssh/ssh_host_rsa_key.pub.
[   15.860340] cloud-init[941]: The key fingerprint is:
[   15.861050] cloud-init[941]: SHA256:W92Ao7x24RBJi0rNCcdYhQrax3EXSJXLKAW+ybqfZTk root@ubuntu-xenial
[   15.861834] cloud-init[941]: The key's randomart image is:
[   15.862623] cloud-init[941]: +---[RSA 2048]----+
[   15.863365] cloud-init[941]: |    o*+==o       |
[   15.863686] cloud-init[941]: |  ..o=*+oo .     |
[   15.863970] cloud-init[941]: | o oo==++.o .    |
[   15.864280] cloud-init[941]: |. .o=+..oo o o   |
[   15.864666] cloud-init[941]: |   .=.  S o . .  |
[   15.865071] cloud-init[941]: |   .   . * .     |
[   15.865551] cloud-init[941]: |  .   E + o      |
[   15.866058] cloud-init[941]: |   . + o .       |
[   15.866644] cloud-init[941]: |  ..o            |
[   15.867333] cloud-init[941]: +----[SHA256]-----+
[   15.868118] cloud-init[941]: Generating public/private dsa key pair.
[   15.868993] cloud-init[941]: Your identification has been saved in /etc/ssh/ssh_host_dsa_key.
[   15.869448] cloud-init[941]: Your public key has been saved in /etc/ssh/ssh_host_dsa_key.pub.
[   15.869774] cloud-init[941]: The key fingerprint is:
[   15.870110] cloud-init[941]: SHA256:GgTRRPUtGwPuoFVB9AuiJo6gAbKmf1FKIdAR6gMG6Zk root@ubuntu-xenial
[   15.870472] cloud-init[941]: The key's randomart image is:
[   15.870780] cloud-init[941]: +---[DSA 1024]----+
[   15.871097] cloud-init[941]: |o+ooo=o+B.       |
[   15.871422] cloud-init[941]: |o.o ...o + .     |
[   15.871837] cloud-init[941]: |*.o. .= o * .    |
[   15.872324] cloud-init[941]: |*E  .=.+ . *     |
[   15.872744] cloud-init[941]: |++..+o. S o      |
[   15.873043] cloud-init[941]: |=+.oo  o         |
[   15.873391] cloud-init[941]: |+ .  ..          |
[   15.873973] cloud-init[941]: | .  .            |
[   15.874368] cloud-init[941]: |  ..             |
[   15.875167] cloud-init[941]: +----[SHA256]-----+
[   15.875396] cloud-init[941]: Generating public/private ecdsa key pair.
[[0;32m  OK  [0m] Started Message of the Day.
[   15.875702] cloud-init[941]: Your identification has been saved in /etc/ssh/ssh_host_ecdsa_key.
[[0;32m  OK  [0m] Reached target Timers.
[[0;32m  OK  [0m] Reached target Cloud-config availability.
[   15.940318] cloud-init[941]: Your public key has been saved in /etc/ssh/ssh_host_ecdsa_key.pub.
[   15.957464] cloud-init[941]: The key fingerprint is:
[   15.962497] cloud-init[941]: SHA256:mWsccQQGY5HE3PNkF+BiT24jqQG3em2YWqoH+bRaJCU root@ubuntu-xenial
[[0;32m  OK  [0m] Listening on Socket activation for snappy daemon.
[[0;32m  OK  [0m] Listening on LXD - unix socket.
[[0;32m  OK  [0m] Reached target Sockets.
[[0;32m  OK  [0m] Reached target Basic System.
[   15.968625] cloud-init[941]: The key's randomart image is:
[   15.994108] [cloud-init[0;32m  OK  [0m[941]: ] +---[ECDSA 256]---+Started ACPI event daemon.

         Starting Accounts Service...
[   15.994941] cloud-init[941]: |     +*=o.o...   |
[   16.015352] cloud-init[941]: |     .+oooo .    |
[   16.017198] cloud-init[941]: |  E o . +=+.     |
[   16.017264] cloud-init[941]: |   o o o @.      |
[   16.017349] cloud-init[941]: |  ... o S =      |
[   16.017407] cloud-init[941]: |  oo.. B = .     |
[   16.017461] cloud-init[941]: |   +o.* *        |
[   16.017516] cloud-init[941]: |   .+= o         |
[   16.017569] cloud-init[941]: |  o+o            |
[   16.017621] cloud-init[941]: +----[SHA256]-----+
[   16.017675] cloud-init[941]: Generating public/private ed25519 key pair.
[   16.017789] cloud-init[941]: Your identification has been saved in /etc/ssh/ssh_host_ed25519_key.
[   16.017899] cloud-init[941]: Your public key has been saved in /etc/ssh/ssh_host_ed25519_key.pub.
[   16.018003] cloud-init[941]: The key fingerprint is:
[   16.018100] cloud-init[941]: SHA256:nNFIOeZsTRiL+TAIEdtMnRAtnu3EYITBRTz88JIzrYc root@ubuntu-xenial
[   16.018196] cloud-init[941]: The key's randomart image is:
[   16.018331] cloud-init[941]: +--[ED25519 256]--+
[   16.018445] cloud-init[941]: | .=@B= .o+       |
[   16.018553] cloud-init[941]: |  o*O.++=+.      |
[   16.019466] cloud-init[941]: |  .o+&=+++.      |
[   16.019594] cloud-init[941]: |    B B=+o.      |
[   16.019692] cloud-init[941]: |     O .S        |
[   16.019802] cloud-init[941]: |    E o          |
[   16.019901] cloud-init[941]: |     .           |
[   16.020053] cloud-init[941]: |                 |
[   16.020170] cloud-init[941]: |                 |
[   16.020317] cloud-init[941]: +----[SHA256]-----+
         Starting /etc/rc.local Compatibility...
         Starting LSB: Record successful boot for GRUB...
         Starting LXD - container startup/shutdown...
[[0;32m  OK  [0m] Started FUSE filesystem for LXC.
         Starting System Logging Service...
[[0;32m  OK  [0m] Started D-Bus System Message Bus.
         Starting LSB: MD monitoring daemon...
         Starting Virtualbox guest utils...
[[0;32m  OK  [0m] Started Deferred execution scheduler.
[[0;32m  OK  [0m] Started Regular background program processing daemon.
         Starting Login Service...
         Starting Pollinate to seed the pseudo random number generator...
         Starting Snap Daemon...
[[0;32m  OK  [0m] Started System Logging Service.
[[0;32m  OK  [0m] Started iSCSI initiator daemon (iscsid).
[[0;32m  OK  [0m] Started /etc/rc.local Compatibility.
[[0;32m  OK  [0m] Started Login Service.
[[0;32m  OK  [0m] Started Unattended Upgrades Shutdown.
         Starting Authenticate and Authorize Users to Run Privileged Tasks...
         Starting Login to default iSCSI targets...
[[0;32m  OK  [0m] Started LSB: Record successful boot for GRUB.
[[0;32m  OK  [0m] Started LSB: MD monitoring daemon.
[[0;32m  OK  [0m] Started Login to default iSCSI targets.
[[0;32m  OK  [0m] Started Authenticate and Authorize Users to Run Privileged Tasks.
[[0;32m  OK  [0m] Started Accounts Service.
[[0;32m  OK  [0m] Reached target Remote File Systems (Pre).
[[0;32m  OK  [0m] Reached target Remote File Systems.
         Starting Permit User Sessions...
         Starting LSB: Set the CPU Frequency Scaling governor to "ondemand"...
         Starting LSB: automatic crash report generation...
         Starting LSB: daemon to balance interrupts for SMP systems...
[[0;32m  OK  [0m] Started LXD - container startup/shutdown.
[[0;32m  OK  [0m] Started Permit User Sessions.
         Starting Hold until boot process finishes up...
         Starting Terminate Plymouth Boot Screen...
[[0;32m  OK  [0m] Started Hold until boot process finishes up.
[[0;32m  OK  [0m] Started Terminate Plymouth Boot Screen.
[[0;32m  OK  [0m] Started Serial Getty on ttyS0.
[[0;32m  OK  [0m] Started Getty on tty1.
[[0;32m  OK  [0m] Reached target Login Prompts.
         Starting Set console scheme...
[[0;32m  OK  [0m] Started Virtualbox guest utils.
[[0;32m  OK  [0m] Started Set console scheme.
[[0;32m  OK  [0m] Started LSB: Set the CPU Frequency Scaling governor to "ondemand".
[[0;32m  OK  [0m] Started LSB: automatic crash report generation.
[[0;32m  OK  [0m] Started LSB: daemon to balance interrupts for SMP systems.
[[0;32m  OK  [0m] Started Snap Daemon.
         Starting Wait until snapd is fully seeded...
[[0;32m  OK  [0m] Started Wait until snapd is fully seeded.
         Starting Apply the settings specified in cloud-config...
[[0;32m  OK  [0m] Started Pollinate to seed the pseudo random number generator.
         Starting OpenBSD Secure Shell server...
[[0;32m  OK  [0m] Started OpenBSD Secure Shell server.
[[0;32m  OK  [0m] Reached target Multi-User System.
[[0;32m  OK  [0m] Reached target Graphical Interface.
         Starting Update UTMP ab[   21.908606] cloud-init[1267]: Generating locales (this might take a while)...

Ubuntu 16.04.7 LTS ubuntu-xenial ttyS0

ubuntu-xenial login: [   23.910160] cloud-init[1267]:   en_US.UTF-8... done
[   23.910430] cloud-init[1267]: Generation complete.
[   25.030018] cloud-init[1267]: Cloud-init v. 21.1-19-gbad84ad4-0ubuntu1~16.04.2 running 'modules:config' at Thu, 10 Mar 2022 00:43:42 +0000. Up 21.62 seconds.
ci-info: no authorized SSH keys fingerprints found for user ubuntu.
<14>Mar 10 00:43:47 ec2: 
<14>Mar 10 00:43:47 ec2: #############################################################
<14>Mar 10 00:43:47 ec2: -----BEGIN SSH HOST KEY FINGERPRINTS-----
<14>Mar 10 00:43:47 ec2: 1024 SHA256:GgTRRPUtGwPuoFVB9AuiJo6gAbKmf1FKIdAR6gMG6Zk root@ubuntu-xenial (DSA)
<14>Mar 10 00:43:47 ec2: 256 SHA256:mWsccQQGY5HE3PNkF+BiT24jqQG3em2YWqoH+bRaJCU root@ubuntu-xenial (ECDSA)
<14>Mar 10 00:43:47 ec2: 256 SHA256:nNFIOeZsTRiL+TAIEdtMnRAtnu3EYITBRTz88JIzrYc root@ubuntu-xenial (ED25519)
<14>Mar 10 00:43:47 ec2: 2048 SHA256:W92Ao7x24RBJi0rNCcdYhQrax3EXSJXLKAW+ybqfZTk root@ubuntu-xenial (RSA)
<14>Mar 10 00:43:47 ec2: -----END SSH HOST KEY FINGERPRINTS-----
<14>Mar 10 00:43:47 ec2: #############################################################
-----BEGIN SSH HOST KEY KEYS-----
ecdsa-sha2-nistp256 AAAAE2VjZHNhLXNoYTItbmlzdHAyNTYAAAAIbmlzdHAyNTYAAABBBEvMXwjn3znqoHjTwpuPyZe6rqSWBZzGaxf7MvNtvBV6ytIALY3mPw1tVKUWYGe10zy2HBdxfOuAMdCjMhmbnt4= root@ubuntu-xenial
ssh-ed25519 AAAAC3NzaC1lZDI1NTE5AAAAIKSwGKXBN0pnodxJKzDUG19ndWpKQ9fOWp2MCR9hrBpc root@ubuntu-xenial
ssh-rsa AAAAB3NzaC1yc2EAAAADAQABAAABAQCryXGBl0cKqbR3upNlqMLBv7jmqXxmNKLL1KvNayw4AGvTc1KTKMhvRCYEqao0tX7TazExz8WgPH+xkFabuWBIrZF9yKIhA4lDtUj69fNw6Prd8JSF00WWx86kOviLgpV54Twn0k2o1LXXZPUpuZvy1lyMJvfYkpUSlp0JaGv7Xp0XkWURaD0U85Ez82pnlzrlXv5hAXPYx/h3400mtWgvog8sef6yHg6SoFySPwXT57A6qpDDm6hHaknXDrsimw6IdgHT/mMUtqGkEX1rlTJKsbP5BgU6bLANNzGNQvN+jrtxvwJgXYpgZEXQs2rTLgC2FKOTGnno4UY4xClFjByd root@ubuntu-xenial
-----END SSH HOST KEY KEYS-----
[   26.275558] cloud-init[1455]: Cloud-init v. 21.1-19-gbad84ad4-0ubuntu1~16.04.2 running 'modules:final' at Thu, 10 Mar 2022 00:43:47 +0000. Up 25.93 seconds.
[   26.275820] cloud-init[1455]: ci-info: no authorized SSH keys fingerprints found for user ubuntu.
[   26.275967] cloud-init[1455]: Cloud-init v. 21.1-19-gbad84ad4-0ubuntu1~16.04.2 finished at Thu, 10 Mar 2022 00:43:47 +0000. Datasource DataSourceNoCloud [seed=/dev/sdb][dsmode=net].  Up 26.26 seconds
